| pkg/alias_only_direct.py:1:26:1:36 | Comment # $ tracked | Missing result:tracked= |
| pkg/alias_problem.py:1:26:1:36 | Comment # $ tracked | Missing result:tracked= |
| pkg/alias_problem_fixed.py:3:26:3:36 | Comment # $ tracked | Missing result:tracked= |
| pkg/problem_absolute_import.py:1:29:1:39 | Comment # $ tracked | Missing result:tracked= |
| pkg/use.py:2:30:2:40 | Comment # $ tracked | Missing result:tracked= |
| pkg/use.py:3:16:3:26 | Comment # $ tracked | Missing result:tracked= |
| pkg/use.py:9:36:9:46 | Comment # $ tracked | Missing result:tracked= |
| pkg/use.py:10:16:10:26 | Comment # $ tracked | Missing result:tracked= |
| pkg/use.py:16:42:16:52 | Comment # $ tracked | Missing result:tracked= |
| pkg/use.py:17:16:17:26 | Comment # $ tracked | Missing result:tracked= |
| pkg/use.py:23:33:23:43 | Comment # $ tracked | Missing result:tracked= |
| pkg/use.py:24:16:24:26 | Comment # $ tracked | Missing result:tracked= |
| pkg/use.py:30:40:30:50 | Comment # $ tracked | Missing result:tracked= |
| pkg/use.py:31:16:31:26 | Comment # $ tracked | Missing result:tracked= |
| pkg/use.py:37:49:37:59 | Comment # $ tracked | Missing result:tracked= |
| pkg/use.py:38:16:38:26 | Comment # $ tracked | Missing result:tracked= |
| pkg/use.py:43:47:43:57 | Comment # $ tracked | Missing result:tracked= |
| pkg/use.py:44:16:44:26 | Comment # $ tracked | Missing result:tracked= |
| pkg/works_absolute_import.py:2:29:2:39 | Comment # $ tracked | Missing result:tracked= |
