| nsdata.swift:110:45:110:45 | bytes | Unexpected result: tainted=108 |
